[backblue.gif]
[fade.gif]
[index.html]
[3.37.186.116/assets/images/faviconsrc="{% static "{% static '\1' %}"]
[3.37.186.116/assets/images/loader.gif]
[3.37.186.116/assets/images/megamenu/megamenu-banner8src="{% static "{% static '\1' %}"]
[3.37.186.116/assets/images/megamenu/megamenu-banner4-1.jpg]
[3.37.186.116/assets/images/logo/brandlogo1src="{% static "{% static '\1' %}"]
[3.37.186.116/assets/images/megamenu/megamenu-banner3.jpg]
[3.37.186.116/assets/images/megamenu/megamenu-storesrc="{% static "{% static '\1' %}"]
[3.37.186.116/assets/images/megamenu/megamenu-elementssrc="{% static "{% static '\1' %}"]
[3.37.186.116/assets/images/megamenu/megamenu-pagessrc="{% static "{% static '\1' %}"]
[3.37.186.116/assets/images/megamenu/megamenu-fastsrc="{% static "{% static '\1' %}"]
[3.37.186.116/assets/images/slideshow/demo1-banner1.jpg]
[3.37.186.116/assets/images/slideshow/demo1-banner1-m.jpg]
[3.37.186.116/assets/images/collection/demo1-banner1.jpg]
[3.37.186.116/assets/images/products/product-1.jpg]
[3.37.186.116/assets/images/products/product-1-1.jpg]
[3.37.186.116/assets/images/testimonial-photo1.jpg]
[3.37.186.116/assets/images/collection/demo1-banner4.jpg]
[3.37.186.116/assets/images/collection/demo1-banner5.jpg]
[3.37.186.116/assets/images/blog/380x205.jpg]
[3.37.186.116/assets/images/footer-logosrc="{% static "{% static '\1' %}"]
[3.37.186.116/assets/images/paymentsrc="{% static "{% static '\1' %}"]
[3.37.186.116/assets/images/products/cart-product-img1.jpg]
[3.37.186.116/assets/images/products/add-to-cart-popup.jpg]
[3.37.186.116/assets/images/newsletter-img.jpg]
[3.37.186.116/assets/js/vendor/jquery-min.js]
[3.37.186.116/assets/js/vendor/js.cookie.js]
[3.37.186.116/assets/js/plugins.js]
[3.37.186.116/assets/js/main.js]
[3.37.186.116/index.html]
[3.37.186.116/assets/fonts/annimex-iconsdb80.ttf]
[3.37.186.116/assets/fonts/annimex-iconsdb80.woff]
[3.37.186.116/assets/fonts/annimex-iconsdb80.woff2]
[3.37.186.116/assets/images/default-skinsrc="{% static "{% static '\1' %}"]
[3.37.186.116/assets/images/ajax-loader.gif]
[3.37.186.116/assets/css/plugins.css]
[3.37.186.116/assets/images/arrow-selectsrc="{% static "{% static '\1' %}"]
[3.37.186.116/assets/images/arrow-select-whitesrc="{% static "{% static '\1' %}"]
[3.37.186.116/assets/images/demo9-testimonial.jpg]
[3.37.186.116/assets/images/demo10-ftr-newalatter.jpg]
[3.37.186.116/assets/images/christmas-newsbg.jpg]
[3.37.186.116/assets/images/parallax/demo27-testimonial-banner.jpg]
[3.37.186.116/assets/images/parallax/newsletter-bg.jpg]
[3.37.186.116/assets/images/testimonial-bg.jpg]
[3.37.186.116/assets/images/products/swatches/80x80.jpg]
[3.37.186.116/assets/images/collection-banner/clothing-banner.jpg]
[3.37.186.116/assets/images/collection-banner/2000x100.jpg]
[3.37.186.116/assets/images/collection-banner/watch-banner.jpg]
[3.37.186.116/assets/images/about/aboutus-3.jpg]
[3.37.186.116/assets/images/coming-soon.jpg]
[3.37.186.116/assets/images/newsletter-s3-img.jpg]
[3.37.186.116/assets/images/demo5-footerbg.jpg]
[3.37.186.116/assets/images/snowballs-smsrc="{% static "{% static '\1' %}"]
[3.37.186.116/assets/images/snowballs-lgsrc="{% static "{% static '\1' %}"]
[3.37.186.116/assets/images/snowballs-mdsrc="{% static "{% static '\1' %}"]
[3.37.186.116/assets/css/style.css]
[3.37.186.116/assets/css/responsive.css]
[3.37.186.116/assets/images/logo.svg]
[3.37.186.116/assets/images/products/100x120.jpg]
[3.37.186.116/my-wishlist.html]
[3.37.186.116/login.html]
[3.37.186.116/register.html]
[3.37.186.116/compare-style1.html]
[3.37.186.116/assets/images/safepaymentsrc="{% static "{% static '\1' %}"]
[3.37.186.116/cart-style1.html]
[3.37.186.116/assets/images/logo-demo2src="{% static "{% static '\1' %}"]
[3.37.186.116/assets/images/slideshow/demo2-banner1.jpg]
[3.37.186.116/assets/images/slideshow/demo2-banner1-m.jpg]
[3.37.186.116/assets/images/collection/demo2-ct-img1.jpg]
[3.37.186.116/assets/images/parallax/demo2-pl-banner.jpg]
[3.37.186.116/assets/images/instagram/ins-1.jpg]
[3.37.186.116/assets/images/ftr-logo-demo2src="{% static "{% static '\1' %}"]
[3.37.186.116/assets/images/newsletter-s2-img.jpg]
[3.37.186.116/index-demo2.html]
[3.37.186.116/assets/images/logo-demo6src="{% static "{% static '\1' %}"]
[3.37.186.116/assets/images/logo-sticky-demo3src="{% static "{% static '\1' %}"]
[3.37.186.116/assets/images/slideshow/demo3-banner1.jpg]
[3.37.186.116/assets/images/slideshow/demo3-banner1-m.jpg]
[3.37.186.116/assets/images/collection/demo3-ct-img1.jpg]
[3.37.186.116/assets/images/collection/demo3-ct-img2.jpg]
[3.37.186.116/assets/images/content/featured-content-img1.jpg]
[3.37.186.116/assets/images/content/featured-content-img3.jpg]
[3.37.186.116/index-demo3.html]
[3.37.186.116/assets/images/slideshow/demo4-banner1.jpg]
[3.37.186.116/assets/images/slideshow/demo4-banner1-m.jpg]
[3.37.186.116/assets/images/video-popup-bg.jpg]
[3.37.186.116/index-demo4.html]
[3.37.186.116/assets/images/slideshow/demo5-banner1.jpg]
[3.37.186.116/assets/images/collection/demo5-banner1.jpg]
[3.37.186.116/assets/images/products/800x800.jpg]
[3.37.186.116/assets/images/parallax/demo5-sale-banner.jpg]
[3.37.186.116/assets/images/collection/demo5-age1.jpg]
[3.37.186.116/assets/images/ftr-logo-demo5src="{% static "{% static '\1' %}"]
[3.37.186.116/index-demo5.html]
[3.37.186.116/assets/images/megamenu/collection-1.jpg]
[3.37.186.116/assets/video/video-placeholder.mp4]
[3.37.186.116/assets/images/parallax/demo6-banner-1.jpg]
[3.37.186.116/assets/images/parallax/demo6-banner-2.jpg]
[3.37.186.116/assets/images/parallax/demo6-banner-3.jpg]
[3.37.186.116/assets/images/icon-img/50x50.jpg]
[3.37.186.116/assets/images/content/demo6-card-feature1.jpg]
[3.37.186.116/assets/images/content/demo6-image-with-text.jpg]
[3.37.186.116/assets/images/lookbook/demo6-lookbook1.jpg]
[3.37.186.116/assets/images/lookbook/demo6-lookbook3.jpg]
[3.37.186.116/assets/images/lookbook/demo6-lookbook4.jpg]
[3.37.186.116/assets/images/lookbook/demo6-lookbook5.jpg]
[3.37.186.116/assets/images/lookbook/demo6-lookbook6.jpg]
[3.37.186.116/assets/js/vendor/photoswipe.min.js]
[3.37.186.116/index-demo6.html]
[3.37.186.116/assets/images/logo-demo7src="{% static "{% static '\1' %}"]
[3.37.186.116/assets/images/slideshow/demo7-banner1.jpg]
[3.37.186.116/assets/images/collection/demo7-banner1.jpg]
[3.37.186.116/assets/images/collection/demo7-banner3.jpg]
[3.37.186.116/assets/images/collection/demo7-banner2.jpg]
[3.37.186.116/index-demo7.html]
[3.37.186.116/assets/images/slideshow/demo8-banner1.jpg]
[3.37.186.116/assets/images/content/demo8-content-img1.jpg]
[3.37.186.116/assets/images/collection/demo8-banner1.jpg]
[3.37.186.116/assets/images/parallax/demo8-banner1.jpg]
[3.37.186.116/assets/images/blog/800x450.jpg]
[3.37.186.116/index-demo8.html]
[3.37.186.116/assets/images/slideshow/demo9-banner1.jpg]
[3.37.186.116/assets/images/collection/demo9-banner1.jpg]
[3.37.186.116/assets/images/parallax/demo9-banner1.jpg]
[3.37.186.116/assets/images/lookbook/demo9-lookbook1.jpg]
[3.37.186.116/index-demo9.html]
[3.37.186.116/assets/images/megamenu/megamenu-offer-banner.jpg]
[3.37.186.116/assets/images/collection/demo10-banner1.jpg]
[3.37.186.116/assets/images/collection/demo10-banner2.jpg]
[3.37.186.116/assets/images/collection/demo10-banner3.jpg]
[3.37.186.116/assets/images/collection/demo10-banner4.jpg]
[3.37.186.116/assets/images/collection/demo10-banner5.jpg]
[3.37.186.116/assets/images/collection/demo10-banner6.jpg]
[3.37.186.116/assets/images/content/demo10-about.jpg]
[3.37.186.116/assets/images/collection/demo10-small-banner1.jpg]
[3.37.186.116/index-demo10.html]
[3.37.186.116/assets/images/slideshow/demo11-banner1.jpg]
[3.37.186.116/assets/images/slideshow/demo11-banner1-m.jpg]
[3.37.186.116/assets/images/collection/demo11-banner1.jpg]
[3.37.186.116/assets/images/collection/demo11-banner2.jpg]
[3.37.186.116/assets/images/content/demo11-content-img1.jpg]
[3.37.186.116/assets/images/collection/300x300.jpg]
[3.37.186.116/index-demo11.html]
[3.37.186.116/assets/images/slideshow/demo12-banner1.jpg]
[3.37.186.116/assets/images/collection/demo12-banner1.jpg]
[3.37.186.116/assets/images/collection-banner/demo12-sale-banner.jpg]
[3.37.186.116/assets/images/collection/demo12-mid-banner1.jpg]
[3.37.186.116/index-demo12.html]
[3.37.186.116/assets/images/logo-demo13.jpg]
[3.37.186.116/assets/images/slideshow/demo13-banner1.jpg]
[3.37.186.116/assets/images/collection/demo13-banner1.jpg]
[3.37.186.116/assets/images/collection/demo13-banner2.jpg]
[3.37.186.116/assets/images/collection/demo13-banner5.jpg]
[3.37.186.116/assets/images/demo13-promo-bg1.jpg]
[3.37.186.116/index-demo13.html]
[3.37.186.116/assets/images/logo-demo14src="{% static "{% static '\1' %}"]
[3.37.186.116/assets/images/collection/demo14-banner1.jpg]
[3.37.186.116/assets/images/collection/demo14-banner4.jpg]
[3.37.186.116/assets/images/parallax/demo14-banner1.jpg]
[3.37.186.116/assets/images/content/demo14-content-img1.jpg]
[3.37.186.116/index-demo14.html]
[3.37.186.116/assets/images/slideshow/demo15-banner1.jpg]
[3.37.186.116/assets/images/content/demo15-content-img1.jpg]
[3.37.186.116/assets/images/collection/demo15-banner1.jpg]
[3.37.186.116/assets/images/lookbook/demo15-lookbook1.jpg]
[3.37.186.116/index-demo15.html]
[3.37.186.116/assets/images/slideshow/demo16-banner1.jpg]
[3.37.186.116/assets/images/collection/demo16-banner1.jpg]
[3.37.186.116/assets/images/collection/demo16-large-banner1.jpg]
[3.37.186.116/assets/images/collection/demo16-large-banner2.jpg]
[3.37.186.116/index-demo16.html]
[3.37.186.116/assets/images/logo-demo17-1src="{% static "{% static '\1' %}"]
[3.37.186.116/assets/images/logo-demo17-2src="{% static "{% static '\1' %}"]
[3.37.186.116/assets/images/collection/demo17-banner1.jpg]
[3.37.186.116/assets/images/content/demo17-content-img1.jpg]
[3.37.186.116/assets/images/collection/demo17-banner4.jpg]
[3.37.186.116/index-demo17.html]
[3.37.186.116/assets/images/collection/demo18-banner1.jpg]
[3.37.186.116/assets/images/collection/demo18-banner2.jpg]
[3.37.186.116/assets/images/collection/demo18-banner4.jpg]
[3.37.186.116/assets/images/collection/demo18-banner5.jpg]
[3.37.186.116/assets/images/collection/demo18-banner7.jpg]
[3.37.186.116/assets/images/collection/demo18-banner6.jpg]
[3.37.186.116/index-demo18.html]
[3.37.186.116/assets/images/slideshow/demo19-banner1.jpg]
[3.37.186.116/assets/images/collection/demo19-banner1.jpg]
[3.37.186.116/assets/images/collection/demo19-banner9.jpg]
[3.37.186.116/index-demo19.html]
[3.37.186.116/assets/images/logo-demo20src="{% static "{% static '\1' %}"]
[3.37.186.116/assets/images/slideshow/demo20-banner1.jpg]
[3.37.186.116/assets/images/icon-img/70x70src="{% static "{% static '\1' %}"]
[3.37.186.116/assets/images/collection/demo20-dining-set.jpg]
[3.37.186.116/assets/images/collection/demo20-modular-furniture.jpg]
[3.37.186.116/assets/images/collection/demo20-sofa-cumbed.jpg]
[3.37.186.116/assets/images/collection/demo20-carpet.jpg]
[3.37.186.116/assets/images/collection/demo20-book.jpg]
[3.37.186.116/assets/images/collection/demo20-traditional.jpg]
[3.37.186.116/assets/images/collection/demo20-home-decor.jpg]
[3.37.186.116/index-demo20.html]
[3.37.186.116/assets/images/megamenu/demo21-birthday-boy.jpg]
[3.37.186.116/assets/images/slideshow/demo21-banner1.jpg]
[3.37.186.116/assets/images/collection/demo21-firs-birth.jpg]
[3.37.186.116/assets/images/collection/demo21-birthday-boy.jpg]
[3.37.186.116/index-demo21.html]
[3.37.186.116/assets/images/slideshow/demo22-banner1.jpg]
[3.37.186.116/assets/images/content/demo22-smartwatch.jpg]
[3.37.186.116/assets/images/parallax/demo22-shop-category-banner.jpg]
[3.37.186.116/assets/images/collection/demo22-water-purifier.jpg]
[3.37.186.116/assets/images/collection/demo22-selling-appliances.jpg]
[3.37.186.116/assets/images/blog/600x300.jpg]
[3.37.186.116/index-demo22.html]
[3.37.186.116/assets/images/slideshow/demo23-banner1.jpg]
[3.37.186.116/assets/images/collection/demo23-step-into-spring.jpg]
[3.37.186.116/assets/images/collection/demo23-hot-accessories.jpg]
[3.37.186.116/assets/images/collection/demo23-cargos.jpg]
[3.37.186.116/assets/images/collection/demo23-shop-beachwear.jpg]
[3.37.186.116/assets/images/collection/demo23-holiday-heat.jpg]
[3.37.186.116/assets/images/google-pay.jpg]
[3.37.186.116/assets/images/apple-bas.jpg]
[3.37.186.116/index-demo23.html]
[3.37.186.116/assets/images/slideshow/demo24-banner1.jpg]
[3.37.186.116/assets/images/collection/demo24-vacay-vibes.jpg]
[3.37.186.116/assets/images/parallax/demo24-herobanner.jpg]
[3.37.186.116/assets/images/collection/demo24-sunny-day.jpg]
[3.37.186.116/index-demo24.html]
[3.37.186.116/assets/images/slideshow/demo25-banner1.jpg]
[3.37.186.116/assets/images/collection/demo25-running.jpg]
[3.37.186.116/assets/images/parallax/demo25-herobanner.jpg]
[3.37.186.116/assets/images/demo25-promo-bg1.jpg]
[3.37.186.116/index-demo25.html]
[3.37.186.116/assets/images/logo-demo26src="{% static "{% static '\1' %}"]
[3.37.186.116/assets/images/slideshow/demo26-banner1.jpg]
[3.37.186.116/assets/images/collection/demo26-fiction-literature.jpg]
[3.37.186.116/assets/images/collection/demo26-adventure.jpg]
[3.37.186.116/assets/images/collection/demo26-mystery.jpg]
[3.37.186.116/assets/images/parallax/demo26-herobanner.jpg]
[3.37.186.116/assets/images/content/demo26-booknews.jpg]
[3.37.186.116/index-demo26.html]
[3.37.186.116/assets/images/slideshow/demo27-banner1.jpg]
[3.37.186.116/assets/images/content/demo27-yogamat.jpg]
[3.37.186.116/assets/images/content/demo27-about-foudner.jpg]
[3.37.186.116/assets/images/content/demo27-yoga-spring.jpg]
[3.37.186.116/assets/images/ftr-logo-demo27.jpg]
[3.37.186.116/index-demo27.html]
[3.37.186.116/assets/images/collection/collection-masonary1.jpg]
[3.37.186.116/assets/images/collection/collection-masonary2.jpg]
[3.37.186.116/assets/images/collection/collection-masonary3.jpg]
[3.37.186.116/category-2columns.html]
[3.37.186.116/assets/images/collection/collection1.jpg]
[3.37.186.116/category-3columns.html]
[3.37.186.116/category-4columns.html]
[3.37.186.116/category-5columns.html]
[3.37.186.116/category-6columns.html]
[3.37.186.116/category-7columns.html]
[3.37.186.116/assets/images/sad-iconsrc="{% static "{% static '\1' %}"]
[3.37.186.116/empty-category.html]
[3.37.186.116/assets/images/shop-banner.jpg]
[3.37.186.116/shop-left-sidebar.html]
[3.37.186.116/shop-right-sidebar.html]
[3.37.186.116/shop-top-filter.html]
[3.37.186.116/shop-fullwidth.html]
[3.37.186.116/shop-no-sidebar.html]
[3.37.186.116/shop-listview-sidebar.html]
[3.37.186.116/shop-listview-drawer.html]
[3.37.186.116/assets/images/collection-banner/kids-banner.jpg]
[3.37.186.116/shop-category-slideshow.html]
[3.37.186.116/shop-heading-with-banner.html]
[3.37.186.116/assets/images/collection/sub-collection1.jpg]
[3.37.186.116/shop-sub-collections.html]
[3.37.186.116/assets/images/collection-banner/women-banner.jpg]
[3.37.186.116/shop-masonry-grid.html]
[3.37.186.116/shop-hover-info.html]
[3.37.186.116/shop-swatches-style.html]
[3.37.186.116/shop-grid-style.html]
[3.37.186.116/shop-search-results.html]
[3.37.186.116/my-wishlist-style2.html]
[3.37.186.116/compare-style2.html]
[3.37.186.116/assets/images/payment-img.jpg]
[3.37.186.116/cart-style2.html]
[3.37.186.116/checkout-style1.html]
[3.37.186.116/checkout-style2.html]
[3.37.186.116/checkout-success.html]
[3.37.186.116/assets/images/products/product-detail1.jpg]
[3.37.186.116/assets/images/powerby-cards.jpg]
[3.37.186.116/assets/images/about/about-info-s3.jpg]
[3.37.186.116/product-standard.html]
[3.37.186.116/product-variable.html]
[3.37.186.116/assets/images/products/video/video-placeholder.mp4]
[3.37.186.116/assets/images/products/200x200.jpg]
[3.37.186.116/product-grouped.html]
[3.37.186.116/assets/images/order-icon.jpg]
[3.37.186.116/product-external-affiliate.html]
[3.37.186.116/product-outofstock.html]
[3.37.186.116/product-layout1.html]
[3.37.186.116/product-layout2.html]
[3.37.186.116/product-accordian.html]
[3.37.186.116/assets/js/vendor/jquery.threesixty.min.js]
[3.37.186.116/assets/js/vendor/jquery-migrate-1.4.1.min.js]
[3.37.186.116/prodcut-360-degree-view.html]
[3.37.186.116/product-layout3.html]
[3.37.186.116/product-layout4.html]
[3.37.186.116/product-layout5.html]
[3.37.186.116/product-layout6.html]
[3.37.186.116/product-layout7.html]
[3.37.186.116/product-tabs-left.html]
[3.37.186.116/product-tabs-center.html]
[3.37.186.116/brands-style2.html]
[3.37.186.116/assets/js/vendor/vendor-chart.js]
[3.37.186.116/assets/js/vendor/vendor-custom-chart.js]
[3.37.186.116/vendor-dashboard.html]
[3.37.186.116/assets/images/vendor/vendor-profile.jpg]
[3.37.186.116/vendor-profile.html]
[3.37.186.116/assets/images/vendor/vender-upload-preview.jpg]
[3.37.186.116/assets/js/vendor/bootstrap-tagsinput.js]
[3.37.186.116/assets/js/vendor/tinymce.min.js]
[3.37.186.116/vendor-uploads.html]
[3.37.186.116/vendor-tracking.html]
[3.37.186.116/assets/images/vendor/vendor-servicesrc="{% static "{% static '\1' %}"]
[3.37.186.116/vendor-service.html]
[3.37.186.116/assets/images/vendor/560x220.jpg]
[3.37.186.116/vendor-settings.html]
[3.37.186.116/email-template/images/logo-whitesrc="{% static "{% static '\1' %}"]
[3.37.186.116/email-template/images/checkmark-successsrc="{% static "{% static '\1' %}"]
[3.37.186.116/email-template/images/order-deliveredsrc="{% static "{% static '\1' %}"]
[3.37.186.116/email-template/images/100x120.jpg]
[3.37.186.116/email-template/images/facebook-whitesrc="{% static "{% static '\1' %}"]
[3.37.186.116/email-template/images/twitter-whitesrc="{% static "{% static '\1' %}"]
[3.37.186.116/email-template/images/youtube-whitesrc="{% static "{% static '\1' %}"]
[3.37.186.116/email-template/images/instagram-whitesrc="{% static "{% static '\1' %}"]
[3.37.186.116/email-template/images/linkedin-whitesrc="{% static "{% static '\1' %}"]
[3.37.186.116/email-template/email-order-success1.html]
[3.37.186.116/email-template/images/logo-blacksrc="{% static "{% static '\1' %}"]
[3.37.186.116/email-template/images/order-on-way.gif]
[3.37.186.116/email-template/images/facebook-blacksrc="{% static "{% static '\1' %}"]
[3.37.186.116/email-template/images/twitter-blacksrc="{% static "{% static '\1' %}"]
[3.37.186.116/email-template/images/youtube-blacksrc="{% static "{% static '\1' %}"]
[3.37.186.116/email-template/images/instagram-blacksrc="{% static "{% static '\1' %}"]
[3.37.186.116/email-template/images/linkedin-blacksrc="{% static "{% static '\1' %}"]
[3.37.186.116/email-template/email-order-success2.html]
[3.37.186.116/email-template/email-invoice-template1.html]
[3.37.186.116/email-template/email-invoice-template2.html]
[3.37.186.116/email-template/images/650x400.jpg]
[3.37.186.116/email-template/email-forgot-password.html]
[3.37.186.116/email-template/email-confirmation.html]
[3.37.186.116/email-template/images/email-promotional1.jpg]
[3.37.186.116/email-template/images/product-1.jpg]
[3.37.186.116/email-template/email-promotional1.html]
[3.37.186.116/email-template/images/collection-1.jpg]
[3.37.186.116/email-template/images/email-promotional2.jpg]
[3.37.186.116/email-template/email-promotional2.html]
[3.37.186.116/assets/js/vendor/prismjs-clipboard.js]
[3.37.186.116/elements-typography.html]
[3.37.186.116/elements-buttons.html]
[3.37.186.116/elements-titles.html]
[3.37.186.116/assets/images/elements/index-demo10-banner-stylesrc="{% static "{% static '\1' %}"]
[3.37.186.116/assets/images/elements/index-demo13-banner-stylesrc="{% static "{% static '\1' %}"]
[3.37.186.116/elements-banner-styles.html]
[3.37.186.116/elements-testimonial.html]
[3.37.186.116/elements-accordions.html]
[3.37.186.116/elements-icons.html]
[3.37.186.116/elements-blog-posts.html]
[3.37.186.116/elements-product.html]
[3.37.186.116/elements-product-tab.html]
[3.37.186.116/elements-top-info-bar.html]
[3.37.186.116/elements-top-promo-bar.html]
[3.37.186.116/assets/images/about/about-info-s1.jpg]
[3.37.186.116/assets/images/about/about-team1.jpg]
[3.37.186.116/aboutus-style1.html]
[3.37.186.116/assets/images/about/about-info-s2-1.jpg]
[3.37.186.116/aboutus-style2.html]
[3.37.186.116/aboutus-style3.html]
[3.37.186.116/assets/js/ajax_sendmail.js]
[3.37.186.116/contact-style1.html]
[3.37.186.116/contact-style2.html]
[3.37.186.116/assets/images/lookbook/lookbook-s1-1.jpg]
[3.37.186.116/assets/images/lookbook/lookbook-s1-2.jpg]
[3.37.186.116/assets/images/lookbook/lookbook-s1-3.jpg]
[3.37.186.116/assets/images/lookbook/lookbook-s1-4.jpg]
[3.37.186.116/lookbook-2columns.html]
[3.37.186.116/assets/images/lookbook/lookbook-s2-1.jpg]
[3.37.186.116/assets/images/lookbook/lookbook-s2-3.jpg]
[3.37.186.116/assets/images/lookbook/lookbook-s2-6.jpg]
[3.37.186.116/lookbook-3columns.html]
[3.37.186.116/assets/images/lookbook/lookbook-s3-1.jpg]
[3.37.186.116/assets/images/lookbook/lookbook-s3-2.jpg]
[3.37.186.116/assets/images/lookbook/lookbook-s3-3.jpg]
[3.37.186.116/assets/images/lookbook/lookbook-s3-4.jpg]
[3.37.186.116/lookbook-4columns.html]
[3.37.186.116/lookbook-5columns.html]
[3.37.186.116/lookbook-shop.html]
[3.37.186.116/faqs-style1.html]
[3.37.186.116/faqs-style2.html]
[3.37.186.116/brands-style1.html]
[3.37.186.116/assets/images/avatar-img1.jpg]
[3.37.186.116/my-account.html]
[3.37.186.116/assets/images/blog/recent-commnet.jpg]
[3.37.186.116/login-sliding-style.html]
[3.37.186.116/forgot-password.html]
[3.37.186.116/change-password.html]
[3.37.186.116/empty-cart.html]
[3.37.186.116/empty-compare.html]
[3.37.186.116/empty-wishlist.html]
[3.37.186.116/empty-search.html]
[3.37.186.116/assets/images/error-404.jpg]
[3.37.186.116/error-404.html]
[3.37.186.116/cms-page.html]
[3.37.186.116/coming-soon.html]
[3.37.186.116/assets/images/blog/post-small-1.jpg]
[3.37.186.116/assets/images/new-sale-banner.jpg]
[3.37.186.116/assets/images/blog/post-1.jpg]
[3.37.186.116/blog-left-sidebar.html]
[3.37.186.116/assets/images/black-friday-banner.jpg]
[3.37.186.116/blog-right-sidebar.html]
[3.37.186.116/blog-fullwidth.html]
[3.37.186.116/assets/images/top-sale-banner.jpg]
[3.37.186.116/blog-masonry.html]
[3.37.186.116/blog-2columns.html]
[3.37.186.116/blog-3columns.html]
[3.37.186.116/blog-4columns.html]
[3.37.186.116/blog-single-post.html]
[3.37.186.116/privacy-policy.html]
[3.37.186.116/index-2.html]
[3.37.186.116/assets/fonts/annimex-iconsdb80.svg]
[3.37.186.116/assets/images/soldout.svg]
[3.37.186.116/assets/images/snow-1.html]
[3.37.186.116/assets/images/snow-2.html]
[3.37.186.116/product-layout-3.html]
[3.37.186.116/assets/images/logo-demo-4.svg]
[3.37.186.116/+46647749940.html]
[3.37.186.116/pro-quickshop2.html]
[3.37.186.116/compare.html]
[3.37.186.116/assets/css/prismjs-clipboard.css]
[3.37.186.116/assets/video/video-placeholder.mp4]
[3.37.186.116/assets/images/products/video/video-placeholder.mp4]
[3.37.186.116/assets/js/vendor/tinymce.min.js]
[3.37.186.116/assets/images/elements/header/header-1src="{% static "{% static '\1' %}"]
[3.37.186.116/assets/images/elements/header/header-2src="{% static "{% static '\1' %}"]
[3.37.186.116/assets/images/elements/header/header-3src="{% static "{% static '\1' %}"]
[3.37.186.116/assets/images/elements/header/header-4src="{% static "{% static '\1' %}"]
[3.37.186.116/assets/images/elements/header/header-5src="{% static "{% static '\1' %}"]
[3.37.186.116/assets/images/elements/header/header-6src="{% static "{% static '\1' %}"]
[3.37.186.116/assets/images/elements/header/header-7src="{% static "{% static '\1' %}"]
[3.37.186.116/assets/images/elements/header/header-8src="{% static "{% static '\1' %}"]
[3.37.186.116/assets/images/elements/header/header-9src="{% static "{% static '\1' %}"]
[3.37.186.116/assets/images/elements/header/header-10src="{% static "{% static '\1' %}"]
[3.37.186.116/assets/images/elements/header/header-11src="{% static "{% static '\1' %}"]
[3.37.186.116/assets/images/elements/header/header-12src="{% static "{% static '\1' %}"]
[3.37.186.116/assets/images/elements/header/header-13src="{% static "{% static '\1' %}"]
[3.37.186.116/assets/images/elements/header/header-14src="{% static "{% static '\1' %}"]
[3.37.186.116/assets/images/elements/header/header-15src="{% static "{% static '\1' %}"]
[3.37.186.116/assets/images/elements/header/header-16src="{% static "{% static '\1' %}"]
[3.37.186.116/assets/images/elements/header/header-17src="{% static "{% static '\1' %}"]
[3.37.186.116/assets/images/elements/header/header-18src="{% static "{% static '\1' %}"]
[3.37.186.116/assets/images/elements/header/header-19src="{% static "{% static '\1' %}"]
[3.37.186.116/assets/images/elements/header/header-20src="{% static "{% static '\1' %}"]
[3.37.186.116/assets/images/elements/header/header-21src="{% static "{% static '\1' %}"]
[3.37.186.116/assets/images/elements/header/header-22src="{% static "{% static '\1' %}"]
[3.37.186.116/assets/images/elements/header/header-23src="{% static "{% static '\1' %}"]
[3.37.186.116/assets/images/elements/header/header-24src="{% static "{% static '\1' %}"]
[3.37.186.116/assets/images/elements/header/header-25src="{% static "{% static '\1' %}"]
[3.37.186.116/assets/images/elements/header/header-26src="{% static "{% static '\1' %}"]
[3.37.186.116/assets/images/elements/header/header-27src="{% static "{% static '\1' %}"]
[3.37.186.116/assets/images/elements/header/hdr-mob-1src="{% static "{% static '\1' %}"]
[3.37.186.116/assets/images/elements/header/hdr-mob-2src="{% static "{% static '\1' %}"]
[3.37.186.116/assets/images/elements/header/hdr-mob-3src="{% static "{% static '\1' %}"]
[3.37.186.116/elements-header-styles.html]
[3.37.186.116/elements-breadcrumb.html]
[3.37.186.116/elements-slider-styles.html]
[3.37.186.116/assets/images/elements/footer/footer-1src="{% static "{% static '\1' %}"]
[3.37.186.116/assets/images/elements/footer/footer-2src="{% static "{% static '\1' %}"]
[3.37.186.116/assets/images/elements/footer/footer-3src="{% static "{% static '\1' %}"]
[3.37.186.116/assets/images/elements/footer/footer-4src="{% static "{% static '\1' %}"]
[3.37.186.116/assets/images/elements/footer/footer-5src="{% static "{% static '\1' %}"]
[3.37.186.116/assets/images/elements/footer/footer-6src="{% static "{% static '\1' %}"]
[3.37.186.116/assets/images/elements/footer/footer-7src="{% static "{% static '\1' %}"]
[3.37.186.116/assets/images/elements/footer/footer-8src="{% static "{% static '\1' %}"]
[3.37.186.116/assets/images/elements/footer/footer-9src="{% static "{% static '\1' %}"]
[3.37.186.116/assets/images/elements/footer/footer-10src="{% static "{% static '\1' %}"]
[3.37.186.116/assets/images/elements/footer/footer-11src="{% static "{% static '\1' %}"]
[3.37.186.116/assets/images/elements/footer/footer-12src="{% static "{% static '\1' %}"]
[3.37.186.116/assets/images/elements/footer/footer-13src="{% static "{% static '\1' %}"]
[3.37.186.116/assets/images/elements/footer/footer-14src="{% static "{% static '\1' %}"]
[3.37.186.116/assets/images/elements/footer/footer-15src="{% static "{% static '\1' %}"]
[3.37.186.116/assets/images/elements/footer/footer-16src="{% static "{% static '\1' %}"]
[3.37.186.116/assets/images/elements/footer/footer-17src="{% static "{% static '\1' %}"]
[3.37.186.116/assets/images/elements/footer/footer-18src="{% static "{% static '\1' %}"]
[3.37.186.116/assets/images/elements/footer/footer-19src="{% static "{% static '\1' %}"]
[3.37.186.116/assets/images/elements/footer/footer-20src="{% static "{% static '\1' %}"]
[3.37.186.116/assets/images/elements/footer/footer-21src="{% static "{% static '\1' %}"]
[3.37.186.116/assets/images/elements/footer/footer-22src="{% static "{% static '\1' %}"]
[3.37.186.116/assets/images/elements/footer/footer-23src="{% static "{% static '\1' %}"]
[3.37.186.116/assets/images/elements/footer/footer-24src="{% static "{% static '\1' %}"]
[3.37.186.116/assets/images/elements/footer/footer-25src="{% static "{% static '\1' %}"]
[3.37.186.116/assets/images/elements/footer/footer-26src="{% static "{% static '\1' %}"]
[3.37.186.116/assets/images/elements/footer/footer-27src="{% static "{% static '\1' %}"]
[3.37.186.116/elements-footer-styles.html]
[3.37.186.116/admin.html]
